// Jest Snapshot v1, https://goo.gl/fbAQLP

exports[`Missions page  renders missions 1`] = `
Object {
  "asFragment": [Function],
  "baseElement": <body>
    <div>
      <nav
        class="h-16 shadow flex justify-between px-[20px]"
      >
        <div
          class="icon-continer flex items-center h-16 my-[4px]"
        >
          <img
            alt="logo-img"
            class="w-10 h-10"
            src="https://cdn-icons-png.flaticon.com/512/3212/3212567.png"
          />
          <h1
            class="nav-text"
          >
            Space Traveler's Hub
          </h1>
        </div>
        <div
          class="options-continer flex items-center list-none gap-4"
        >
          <li>
            <a
              aria-current="page"
              class="underline"
              href="/"
            >
              Rockets
            </a>
          </li>
          <li>
            <a
              href="/Missions"
            >
              Missions
            </a>
            <span
              class="pl-4"
            >
              |
            </span>
          </li>
          <li>
            <a
              href="/MyProfile"
            >
              My Profile
            </a>
          </li>
        </div>
      </nav>
      <div />
    </div>
  </body>,
  "container": <div>
    <nav
      class="h-16 shadow flex justify-between px-[20px]"
    >
      <div
        class="icon-continer flex items-center h-16 my-[4px]"
      >
        <img
          alt="logo-img"
          class="w-10 h-10"
          src="https://cdn-icons-png.flaticon.com/512/3212/3212567.png"
        />
        <h1
          class="nav-text"
        >
          Space Traveler's Hub
        </h1>
      </div>
      <div
        class="options-continer flex items-center list-none gap-4"
      >
        <li>
          <a
            aria-current="page"
            class="underline"
            href="/"
          >
            Rockets
          </a>
        </li>
        <li>
          <a
            href="/Missions"
          >
            Missions
          </a>
          <span
            class="pl-4"
          >
            |
          </span>
        </li>
        <li>
          <a
            href="/MyProfile"
          >
            My Profile
          </a>
        </li>
      </div>
    </nav>
    <div />
  </div>,
  "debug": [Function],
  "findAllByAltText": [Function],
  "findAllByDisplayValue": [Function],
  "findAllByLabelText": [Function],
  "findAllByPlaceholderText": [Function],
  "findAllByRole": [Function],
  "findAllByTestId": [Function],
  "findAllByText": [Function],
  "findAllByTitle": [Function],
  "findByAltText": [Function],
  "findByDisplayValue": [Function],
  "findByLabelText": [Function],
  "findByPlaceholderText": [Function],
  "findByRole": [Function],
  "findByTestId": [Function],
  "findByText": [Function],
  "findByTitle": [Function],
  "getAllByAltText": [Function],
  "getAllByDisplayValue": [Function],
  "getAllByLabelText": [Function],
  "getAllByPlaceholderText": [Function],
  "getAllByRole": [Function],
  "getAllByTestId": [Function],
  "getAllByText": [Function],
  "getAllByTitle": [Function],
  "getByAltText": [Function],
  "getByDisplayValue": [Function],
  "getByLabelText": [Function],
  "getByPlaceholderText": [Function],
  "getByRole": [Function],
  "getByTestId": [Function],
  "getByText": [Function],
  "getByTitle": [Function],
  "queryAllByAltText": [Function],
  "queryAllByDisplayValue": [Function],
  "queryAllByLabelText": [Function],
  "queryAllByPlaceholderText": [Function],
  "queryAllByRole": [Function],
  "queryAllByTestId": [Function],
  "queryAllByText": [Function],
  "queryAllByTitle": [Function],
  "queryByAltText": [Function],
  "queryByDisplayValue": [Function],
  "queryByLabelText": [Function],
  "queryByPlaceholderText": [Function],
  "queryByRole": [Function],
  "queryByTestId": [Function],
  "queryByText": [Function],
  "queryByTitle": [Function],
  "rerender": [Function],
  "unmount": [Function],
}
`;
